

================================================================
== Vivado HLS Report for 'rs_erasure'
================================================================
* Date:           Fri Dec 25 11:06:35 2020

* Version:        2019.2 (Build 2704478 on Wed Nov 06 22:10:23 MST 2019)
* Project:        hls_reed_solomon_erasure_prj
* Solution:       solution0
* Product family: zynq
* Target device:  xc7z020-clg484-1


================================================================
== Performance Estimates
================================================================
+ Timing: 
    * Summary: 
    +--------+---------+----------+------------+
    |  Clock |  Target | Estimated| Uncertainty|
    +--------+---------+----------+------------+
    |ap_clk  | 5.00 ns | 4.229 ns |   0.62 ns  |
    +--------+---------+----------+------------+

+ Latency: 
    * Summary: 
    +---------+---------+----------+----------+------+------+---------+
    |  Latency (cycles) |  Latency (absolute) |   Interval  | Pipeline|
    |   min   |   max   |    min   |    max   |  min |  max |   Type  |
    +---------+---------+----------+----------+------+------+---------+
    |     1994|     1994| 9.970 us | 9.970 us |  1994|  1994|   none  |
    +---------+---------+----------+----------+------+------+---------+

    + Detail: 
        * Instance: 
        N/A

        * Loop: 
        +-----------------+---------+---------+----------+-----------+-----------+------+----------+
        |                 |  Latency (cycles) | Iteration|  Initiation Interval  | Trip |          |
        |    Loop Name    |   min   |   max   |  Latency |  achieved |   target  | Count| Pipelined|
        +-----------------+---------+---------+----------+-----------+-----------+------+----------+
        |- Loop 1         |       48|       48|         3|          -|          -|    16|    no    |
        |- Loop 2         |      192|      192|         4|          -|          -|    48|    no    |
        |- Loop 3         |        4|        4|         1|          -|          -|     4|    no    |
        |- Loop 4         |     1744|     1744|       218|          -|          -|     8|    no    |
        | + Loop 4.1      |      216|      216|        18|          -|          -|    12|    no    |
        |  ++ Loop 4.1.1  |       16|       16|         4|          -|          -|     4|    no    |
        +-----------------+---------+---------+----------+-----------+-----------+------+----------+



================================================================
== Utilization Estimates
================================================================
* Summary: 
+-----------------+---------+-------+--------+-------+-----+
|       Name      | BRAM_18K| DSP48E|   FF   |  LUT  | URAM|
+-----------------+---------+-------+--------+-------+-----+
|DSP              |        -|      -|       -|      -|    -|
|Expression       |        -|      -|       0|    486|    -|
|FIFO             |        -|      -|       -|      -|    -|
|Instance         |        -|      -|       0|     21|    -|
|Memory           |      128|      -|      25|     15|    0|
|Multiplexer      |        -|      -|       -|    230|    -|
|Register         |        -|      -|     254|      -|    -|
+-----------------+---------+-------+--------+-------+-----+
|Total            |      128|      0|     279|    752|    0|
+-----------------+---------+-------+--------+-------+-----+
|Available        |      280|    220|  106400|  53200|    0|
+-----------------+---------+-------+--------+-------+-----+
|Utilization (%)  |       45|      0|   ~0   |      1|    0|
+-----------------+---------+-------+--------+-------+-----+

+ Detail: 
    * Instance: 
    +-------------------------+----------------------+---------+-------+---+----+-----+
    |         Instance        |        Module        | BRAM_18K| DSP48E| FF| LUT| URAM|
    +-------------------------+----------------------+---------+-------+---+----+-----+
    |rs_erasure_mux_42cud_U1  |rs_erasure_mux_42cud  |        0|      0|  0|  21|    0|
    +-------------------------+----------------------+---------+-------+---+----+-----+
    |Total                    |                      |        0|      0|  0|  21|    0|
    +-------------------------+----------------------+---------+-------+---+----+-----+

    * DSP48E: 
    N/A

    * Memory: 
    +--------------+----------------------+---------+----+----+-----+--------+-----+------+-------------+
    |    Memory    |        Module        | BRAM_18K| FF | LUT| URAM|  Words | Bits| Banks| W*Bits*Banks|
    +--------------+----------------------+---------+----+----+-----+--------+-----+------+-------------+
    |DECMAT_ROM_U  |rs_erasure_DECMATbkb  |      128|   0|   0|    0|  185664|    8|     1|      1485312|
    |F_tbl_U       |rs_erasure_F_tbl      |        0|   9|   9|    0|      64|    9|     1|          576|
    |r_U           |rs_erasure_r          |        0|  16|   6|    0|      48|    8|     1|          384|
    +--------------+----------------------+---------+----+----+-----+--------+-----+------+-------------+
    |Total         |                      |      128|  25|  15|    0|  185776|   25|     3|      1486272|
    +--------------+----------------------+---------+----+----+-----+--------+-----+------+-------------+

    * FIFO: 
    N/A

    * Expression: 
    +---------------------------+----------+-------+---+----+------------+------------+
    |       Variable Name       | Operation| DSP48E| FF| LUT| Bitwidth P0| Bitwidth P1|
    +---------------------------+----------+-------+---+----+------------+------------+
    |add_ln57_fu_334_p2         |     +    |      0|  0|  15|           2|           8|
    |add_ln87_fu_547_p2         |     +    |      0|  0|  26|          19|          19|
    |decmat_idx_1_fu_518_p2     |     +    |      0|  0|  23|          16|          16|
    |i_fu_588_p2                |     +    |      0|  0|  13|           4|           1|
    |idx_fu_667_p2              |     +    |      0|  0|   8|           7|           7|
    |j_fu_610_p2                |     +    |      0|  0|  13|           4|           1|
    |k_4_fu_406_p2              |     +    |      0|  0|  15|           1|           5|
    |k_5_fu_567_p2              |     +    |      0|  0|  12|           3|           1|
    |k_6_fu_627_p2              |     +    |      0|  0|  12|           3|           1|
    |k_fu_537_p2                |     +    |      0|  0|  15|           6|           1|
    |p_1_fu_434_p2              |     +    |      0|  0|  15|           2|           8|
    |p_fu_386_p2                |     +    |      0|  0|  13|           2|           4|
    |sub_ln100_fu_661_p2        |     -    |      0|  0|   8|           7|           7|
    |sub_ln57_fu_340_p2         |     -    |      0|  0|  15|           6|           5|
    |sub_ln87_fu_509_p2         |     -    |      0|  0|  26|          19|          19|
    |and_ln103_fu_686_p2        |    and   |      0|  0|   8|           8|           8|
    |icmp_ln103_fu_691_p2       |   icmp   |      0|  0|  11|           8|           1|
    |icmp_ln64_fu_400_p2        |   icmp   |      0|  0|  11|           5|           6|
    |icmp_ln87_fu_531_p2        |   icmp   |      0|  0|  11|           6|           6|
    |icmp_ln90_fu_561_p2        |   icmp   |      0|  0|   9|           3|           4|
    |icmp_ln94_fu_582_p2        |   icmp   |      0|  0|  11|           4|           5|
    |icmp_ln96_fu_604_p2        |   icmp   |      0|  0|   9|           4|           4|
    |icmp_ln98_fu_621_p2        |   icmp   |      0|  0|   9|           3|           4|
    |errpat_fu_364_p2           |    or    |      0|  0|  16|          16|          16|
    |or_ln75_fu_457_p2          |    or    |      0|  0|   2|           1|           1|
    |decmat_idx_3_fu_524_p3     |  select  |      0|  0|  16|           1|          16|
    |p_2_fu_463_p3              |  select  |      0|  0|   8|           1|           8|
    |p_3_fu_471_p3              |  select  |      0|  0|   8|           1|           8|
    |select_ln105_fu_730_p3     |  select  |      0|  0|   8|           1|           8|
    |tmp_3_fu_697_p3            |  select  |      0|  0|   8|           1|           1|
    |padmask_fu_358_p2          |    shl   |      0|  0|  35|          16|          16|
    |shl_ln103_fu_594_p2        |    shl   |      0|  0|  19|           1|           8|
    |shl_ln57_fu_328_p2         |    shl   |      0|  0|  19|           1|           8|
    |L_fu_412_p2                |    xor   |      0|  0|   4|           4|           2|
    |erasure_pattern_fu_346_p2  |    xor   |      0|  0|  16|          16|           2|
    |padlen_fu_314_p2           |    xor   |      0|  0|   3|           3|           3|
    |xor_ln103_fu_704_p2        |    xor   |      0|  0|   8|           8|           8|
    |xor_ln105_fu_724_p2        |    xor   |      0|  0|   8|           8|           5|
    +---------------------------+----------+-------+---+----+------------+------------+
    |Total                      |          |      0|  0| 486|         221|         251|
    +---------------------------+----------+-------+---+----+------------+------------+

    * Multiplexer: 
    +----------------------+----+-----------+-----+-----------+
    |         Name         | LUT| Input Size| Bits| Total Bits|
    +----------------------+----+-----------+-----+-----------+
    |ap_NS_fsm             |  89|         18|    1|         18|
    |c_address0            |  15|          3|    2|          6|
    |c_d0                  |  15|          3|    8|         24|
    |decmat_idx_2_reg_218  |   9|          2|   16|         32|
    |errpat_0_reg_228      |   9|          2|   16|         32|
    |i_0_reg_269           |   9|          2|    4|          8|
    |j_0_reg_280           |   9|          2|    4|          8|
    |k_0_reg_207           |   9|          2|    5|         10|
    |k_1_reg_246           |   9|          2|    6|         12|
    |k_2_reg_258           |   9|          2|    3|          6|
    |k_3_reg_291           |   9|          2|    3|          6|
    |p_0_reg_237           |   9|          2|    8|         16|
    |r_address0            |  15|          3|    6|         18|
    |r_d0                  |  15|          3|    8|         24|
    +----------------------+----+-----------+-----+-----------+
    |Total                 | 230|         48|   90|        220|
    +----------------------+----+-----------+-----+-----------+

    * Register: 
    +-------------------------+----+----+-----+-----------+
    |           Name          | FF | LUT| Bits| Const Bits|
    +-------------------------+----+----+-----+-----------+
    |DECMAT_ROM_load_reg_834  |   8|   0|    8|          0|
    |F_tbl_load_reg_806       |   9|   0|    9|          0|
    |add_ln57_reg_748         |   8|   0|    8|          0|
    |add_ln87_reg_824         |  19|   0|   19|          0|
    |ap_CS_fsm                |  17|   0|   17|          0|
    |c_addr_1_reg_891         |   2|   0|    2|          0|
    |d_addr_reg_873           |   4|   0|    4|          0|
    |decmat_idx_2_reg_218     |  16|   0|   16|          0|
    |errpat_0_reg_228         |  16|   0|   16|          0|
    |errpat_1_reg_796         |  15|   0|   16|          1|
    |errpat_reg_758           |  16|   0|   16|          0|
    |i_0_reg_269              |   4|   0|    4|          0|
    |i_reg_850                |   4|   0|    4|          0|
    |icmp_ln103_reg_896       |   1|   0|    1|          0|
    |j_0_reg_280              |   4|   0|    4|          0|
    |j_reg_868                |   4|   0|    4|          0|
    |k_0_reg_207              |   5|   0|    5|          0|
    |k_1_reg_246              |   6|   0|    6|          0|
    |k_2_reg_258              |   3|   0|    3|          0|
    |k_3_reg_291              |   3|   0|    3|          0|
    |k_4_reg_776              |   5|   0|    5|          0|
    |k_6_reg_881              |   3|   0|    3|          0|
    |k_reg_819                |   6|   0|    6|          0|
    |or_ln75_reg_786          |   1|   0|    1|          0|
    |p_0_reg_237              |   8|   0|    8|          0|
    |p_3_reg_791              |   8|   0|    8|          0|
    |padlen_reg_743           |   3|   0|    3|          0|
    |r_addr_1_reg_886         |   6|   0|    6|          0|
    |select_ln105_reg_906     |   8|   0|    8|          0|
    |shl_ln103_reg_855        |   8|   0|    8|          0|
    |sub_ln57_reg_753         |   5|   0|    5|          0|
    |sub_ln87_reg_801         |  15|   0|   19|          4|
    |trunc_ln43_reg_738       |   2|   0|    2|          0|
    |xor_ln103_reg_901        |   8|   0|    8|          0|
    |zext_ln96_reg_860        |   4|   0|    7|          3|
    +-------------------------+----+----+-----+-----------+
    |Total                    | 254|   0|  262|          8|
    +-------------------------+----+----+-----+-----------+



================================================================
== Interface
================================================================
* Summary: 
+------------------+-----+-----+------------+------------------+--------------+
|     RTL Ports    | Dir | Bits|  Protocol  |   Source Object  |    C Type    |
+------------------+-----+-----+------------+------------------+--------------+
|ap_clk            |  in |    1| ap_ctrl_hs |    rs_erasure    | return value |
|ap_rst            |  in |    1| ap_ctrl_hs |    rs_erasure    | return value |
|ap_start          |  in |    1| ap_ctrl_hs |    rs_erasure    | return value |
|ap_done           | out |    1| ap_ctrl_hs |    rs_erasure    | return value |
|ap_idle           | out |    1| ap_ctrl_hs |    rs_erasure    | return value |
|ap_ready          | out |    1| ap_ctrl_hs |    rs_erasure    | return value |
|c_address0        | out |    2|  ap_memory |         c        |     array    |
|c_ce0             | out |    1|  ap_memory |         c        |     array    |
|c_we0             | out |    1|  ap_memory |         c        |     array    |
|c_d0              | out |    8|  ap_memory |         c        |     array    |
|c_q0              |  in |    8|  ap_memory |         c        |     array    |
|d_address0        | out |    4|  ap_memory |         d        |     array    |
|d_ce0             | out |    1|  ap_memory |         d        |     array    |
|d_q0              |  in |    8|  ap_memory |         d        |     array    |
|survival_pattern  |  in |   16|   ap_none  | survival_pattern |    scalar    |
|codeidx           |  in |    8|   ap_none  |      codeidx     |    scalar    |
+------------------+-----+-----+------------+------------------+--------------+

